  avatar: [
    'background',
    'border-radius',
    'color',
    'font-size',
    'size',
  ],
  badge: [
    'background',
    'border-radius',
    'color',
    'font-size',
    'foreground',
    'height',
    'padding-inline',
  ],
  box: [
    'background-dialog',
    'background-inverse',
    'background-panel',
    'background-plain',
    'background-popover',
    'background-raised',
    'background-raised-2',
    'background-raised-3',
    'background-subtle',
    'background-toast',
    'background-tooltip',
    'border-color',
    'border-color-dialog',
    'border-color-panel',
    'border-color-popover',
    'border-color-raised-2',
    'border-color-raised-3',
    'border-radius',
    'border-radius-dialog',
    'border-radius-panel',
    'border-radius-popover',
    'border-radius-toast',
    'border-radius-tooltip',
    'border-width',
    'border-width-dialog',
    'border-width-panel',
    'border-width-popover',
    'border-width-raised-2',
    'border-width-raised-3',
    'color-dialog',
    'color-inverse',
    'color-panel',
    'color-plain',
    'color-popover',
    'color-raised',
    'color-subtle',
    'color-toast',
    'color-tooltip',
    'font-size-tooltip',
    'padding',
    'padding-block-toast',
    'padding-block-tooltip',
    'padding-dialog',
    'padding-inline-toast',
    'padding-inline-tooltip',
    'padding-panel',
    'padding-popover',
    'shadow-0',
    'shadow-1',
    'shadow-2',
    'shadow-3',
    'shadow-dialog',
    'shadow-panel',
    'shadow-popover',
    'shadow-toast',
  ],
  button: [
    'border-radius',
    'border-radius-full',
    'border-width',
    'danger-accent',
    'danger-background',
    'danger-border-color',
    'danger-color',
    'dashed-border-style',
    'default-accent',
    'default-background',
    'default-border-color',
    'default-color',
    'disabled-background',
    'disabled-border-color',
    'disabled-color',
    'duration',
    'ease',
    'focus-ring-color',
    'focus-ring-offset',
    'focus-ring-width',
    'font-size',
    'font-weight',
    'gap',
    'ghost-background',
    'ghost-border-color',
    'ghost-color',
    'height',
    'icon-size',
    'line-height',
    'link-color',
    'link-decoration',
    'outline-background',
    'padding-block',
    'padding-inline',
    'padding-inline-flush',
    'primary-accent',
    'primary-background',
    'primary-border-color',
    'primary-color',
    'secondary-background',
    'secondary-border-color',
    'secondary-color',
    'selected-background',
    'selected-border-color',
    'selected-color',
    'selected-marker-color',
    'selected-marker-width',
    'spinner-border-width',
    'spinner-duration',
    'subtle-background',
    'success-accent',
    'success-background',
    'success-border-color',
    'success-color',
    'warning-accent',
    'warning-background',
    'warning-border-color',
    'warning-color',
  ],
  checkbox: [
    'accent-color',
    'size',
  ],
  divider: [
    'border-color',
    'border-width',
    'margin-block',
  ],
  icon: [
    'size',
  ],
  input: [
    'affix-color',
    'background',
    'background-readonly',
    'border-color',
    'border-radius',
    'border-width',
    'clear-border-radius',
    'clear-color',
    'clear-glyph-width',
    'clear-hit-size',
    'color',
    'duration',
    'ease',
    'focus-ring-color',
    'focus-ring-offset',
    'focus-ring-width',
    'font-size',
    'gap',
    'height',
    'icon-size',
    'padding-block',
    'padding-inline',
    'placeholder-color',
  ],
  link: [
    'color',
    'decoration',
  ],
  menu: [
    'item-background',
    'item-border-radius',
    'item-color',
    'width',
  ],
  progress: [
    'border-radius',
    'fill',
    'height',
    'track',
  ],
  radio: [
    'accent-color',
    'size',
  ],
  spinner: [
    'border-width',
    'color',
    'duration',
    'size',
    'track',
  ],
  status: [
    'border-radius',
    'border-width',
    'gap',
    'padding-block',
    'padding-inline',
  ],
  switch: [
    'background',
    'background-checked',
    'border-color',
    'border-radius',
    'border-width',
    'height',
    'inset',
    'thumb',
    'thumb-color',
    'thumb-color-checked',
    'thumb-shift',
    'width',
  ],
  tag: [
    'background',
    'border-color',
    'border-radius',
    'border-radius-round',
    'border-width',
    'close-icon-size',
    'color',
    'danger-filled-background',
    'danger-filled-border-color',
    'danger-filled-color',
    'danger-outline-background',
    'danger-outline-border-color',
    'danger-outline-color',
    'danger-tint-background',
    'danger-tint-border-color',
    'danger-tint-color',
    'danger-tint-outline-background',
    'danger-tint-outline-border-color',
    'danger-tint-outline-color',
    'default-filled-background',
    'default-filled-border-color',
    'default-filled-color',
    'default-outline-background',
    'default-outline-border-color',
    'default-outline-color',
    'default-tint-background',
    'default-tint-border-color',
    'default-tint-color',
    'default-tint-outline-background',
    'default-tint-outline-border-color',
    'default-tint-outline-color',
    'duration',
    'ease',
    'focus-ring-color',
    'focus-ring-offset',
    'focus-ring-width',
    'font-size',
    'font-weight',
    'gap',
    'height',
    'line-height',
    'opacity',
    'padding-block',
    'padding-inline',
    'primary-filled-background',
    'primary-filled-border-color',
    'primary-filled-color',
    'primary-outline-background',
    'primary-outline-border-color',
    'primary-outline-color',
    'primary-tint-background',
    'primary-tint-border-color',
    'primary-tint-color',
    'primary-tint-outline-background',
    'primary-tint-outline-border-color',
    'primary-tint-outline-color',
    'success-filled-background',
    'success-filled-border-color',
    'success-filled-color',
    'success-outline-background',
    'success-outline-border-color',
    'success-outline-color',
    'success-tint-background',
    'success-tint-border-color',
    'success-tint-color',
    'success-tint-outline-background',
    'success-tint-outline-border-color',
    'success-tint-outline-color',
    'warning-filled-background',
    'warning-filled-border-color',
    'warning-filled-color',
    'warning-outline-background',
    'warning-outline-border-color',
    'warning-outline-color',
    'warning-tint-background',
    'warning-tint-border-color',
    'warning-tint-color',
    'warning-tint-outline-background',
    'warning-tint-outline-border-color',
    'warning-tint-outline-color',
  ],
  textarea: [
    'line-height',
    'padding-block',
  ],
